// Jest Snapshot v1, https://goo.gl/fbAQLP

exports[`App component should render snapshot correctly 1`] = `ShallowWrapper {}`;
