// Jest Snapshot v1, https://goo.gl/fbAQLP

exports[`RegisterTransactionContainer component should render snapshot correctly 1`] = `ReactWrapper {}`;
